     1                                  ; index cgi application
     2                                  
     3                                  BITS 64
     4                                  ALIGN 8
     5                                  
   415                                  [list -]
   416                                        
   417                                  section .bss
   418                                  
   419 00000000 <res 00000008>                heapstart:        resq 1
   420                                             
   421                                  section .data
   422 00000000 436F6E74656E742D74-           message:          db  "Content-type: text/html",10,10
   423 00000009 7970653A2074657874-
   424 00000012 2F68746D6C0A0A     
   425 00000019 3C7072653E41676775-                             db  "<pre>Agguro localhost index cgi</pre>"
   426 00000022 726F206C6F63616C68-
   427 0000002B 6F737420696E646578-
   428 00000034 206367693C2F707265-
   429 0000003D 3E                 
   430                                        .length:          equ $-message
   431                                        
   432                                  section .text
   433                                          global _start       
   434                                  _start:
   435 00000000 48BE-                           mov     rsi, message
   436 00000002 [0000000000000000] 
   437 0000000A BA3E000000                      mov     rdx, message.length
   438 0000000F 4831FF                          xor     rdi, rdi
   439 00000012 48FFC7                          inc     rdi                             ; short method for rdi = STDOUT
   440 00000015 4889F8                          mov     rax, rdi                        ; rax = syscall write
   441 00000018 0F05                            syscall
   442                                          
   443 0000001A 4831FF                          xor     rdi, rdi
   444 0000001D B83C000000                      mov     rax, SYS_EXIT
   445 00000022 0F05                            syscall
